INFO 2025-03-07 04:16:14,593 django.utils.autoreload 668 autoreload 25604 8430225472 Watching for file changes with StatReloader
ERROR 2025-03-07 04:16:50,488 django.request 248 log 25604 6168244224 Internal Server Error: /api/mappings/ecs/
Traceback (most recent call last):
  File "/Users/steven/Desktop/tmp/python_pg/ecs_mapping_webapp/venv/lib/python3.13/site-packages/django/core/handlers/exception.py", line 55, in inner
    response = get_response(request)
  File "/Users/steven/Desktop/tmp/python_pg/ecs_mapping_webapp/venv/lib/python3.13/site-packages/django/core/handlers/base.py", line 197, in _get_response
    response = wrapped_callback(request, *callback_args, **callback_kwargs)
  File "/Users/steven/Desktop/tmp/python_pg/ecs_mapping_webapp/venv/lib/python3.13/site-packages/django/views/decorators/csrf.py", line 65, in _view_wrapper
    return view_func(request, *args, **kwargs)
  File "/Users/steven/Desktop/tmp/python_pg/ecs_mapping_webapp/venv/lib/python3.13/site-packages/django/views/generic/base.py", line 104, in view
    return self.dispatch(request, *args, **kwargs)
           ~~~~~~~~~~~~~^^^^^^^^^^^^^^^^^^^^^^^^^^
  File "/Users/steven/Desktop/tmp/python_pg/ecs_mapping_webapp/venv/lib/python3.13/site-packages/rest_framework/views.py", line 511, in dispatch
    self.response = self.finalize_response(request, response, *args, **kwargs)
                    ~~~~~~~~~~~~~~~~~~~~~~^^^^^^^^^^^^^^^^^^^^^^^^^^^^^^^^^^^^
  File "/Users/steven/Desktop/tmp/python_pg/ecs_mapping_webapp/venv/lib/python3.13/site-packages/rest_framework/views.py", line 423, in finalize_response
    assert isinstance(response, HttpResponseBase), (
           ~~~~~~~~~~^^^^^^^^^^^^^^^^^^^^^^^^^^^^
AssertionError: Expected a `Response`, `HttpResponse` or `StreamingHttpResponse` to be returned from the view, but received a `<class 'type'>`
ERROR 2025-03-07 04:16:50,491 django.server 213 basehttp 25604 6168244224 "POST /api/mappings/ecs/ HTTP/1.1" 500 75254
INFO 2025-03-07 04:19:38,702 django.utils.autoreload 266 autoreload 25604 8430225472 /Users/steven/Desktop/tmp/python_pg/ecs_mapping_webapp/ecs_project/ecs_app/views.py changed, reloading.
INFO 2025-03-07 04:19:39,462 django.utils.autoreload 668 autoreload 26650 8430225472 Watching for file changes with StatReloader
INFO 2025-03-07 04:20:09,441 django.utils.autoreload 266 autoreload 26650 8430225472 /Users/steven/Desktop/tmp/python_pg/ecs_mapping_webapp/ecs_project/ecs_app/views.py changed, reloading.
INFO 2025-03-07 04:20:10,203 django.utils.autoreload 668 autoreload 26812 8430225472 Watching for file changes with StatReloader
INFO 2025-03-07 04:20:20,247 django.utils.autoreload 266 autoreload 26812 8430225472 /Users/steven/Desktop/tmp/python_pg/ecs_mapping_webapp/ecs_project/ecs_app/views.py changed, reloading.
INFO 2025-03-07 04:20:20,865 django.utils.autoreload 668 autoreload 26874 8430225472 Watching for file changes with StatReloader
INFO 2025-03-07 04:20:37,793 django.server 213 basehttp 26874 6201913344 "POST /api/mappings/ecs/ HTTP/1.1" 200 40
INFO 2025-03-07 04:23:17,382 django.utils.autoreload 668 autoreload 27791 8430225472 Watching for file changes with StatReloader
ERROR 2025-03-07 04:23:35,515 django.request 248 log 27791 6165983232 Internal Server Error: /api/mappings/ecs/
Traceback (most recent call last):
  File "/Users/steven/Desktop/tmp/python_pg/ecs_mapping_webapp/venv/lib/python3.13/site-packages/django/core/handlers/exception.py", line 55, in inner
    response = get_response(request)
  File "/Users/steven/Desktop/tmp/python_pg/ecs_mapping_webapp/venv/lib/python3.13/site-packages/django/core/handlers/base.py", line 197, in _get_response
    response = wrapped_callback(request, *callback_args, **callback_kwargs)
  File "/Users/steven/Desktop/tmp/python_pg/ecs_mapping_webapp/venv/lib/python3.13/site-packages/django/views/decorators/csrf.py", line 65, in _view_wrapper
    return view_func(request, *args, **kwargs)
  File "/Users/steven/Desktop/tmp/python_pg/ecs_mapping_webapp/venv/lib/python3.13/site-packages/django/views/generic/base.py", line 104, in view
    return self.dispatch(request, *args, **kwargs)
           ~~~~~~~~~~~~~^^^^^^^^^^^^^^^^^^^^^^^^^^
  File "/Users/steven/Desktop/tmp/python_pg/ecs_mapping_webapp/venv/lib/python3.13/site-packages/rest_framework/views.py", line 509, in dispatch
    response = self.handle_exception(exc)
  File "/Users/steven/Desktop/tmp/python_pg/ecs_mapping_webapp/venv/lib/python3.13/site-packages/rest_framework/views.py", line 469, in handle_exception
    self.raise_uncaught_exception(exc)
    ~~~~~~~~~~~~~~~~~~~~~~~~~~~~~^^^^^
  File "/Users/steven/Desktop/tmp/python_pg/ecs_mapping_webapp/venv/lib/python3.13/site-packages/rest_framework/views.py", line 480, in raise_uncaught_exception
    raise exc
  File "/Users/steven/Desktop/tmp/python_pg/ecs_mapping_webapp/venv/lib/python3.13/site-packages/rest_framework/views.py", line 506, in dispatch
    response = handler(request, *args, **kwargs)
  File "/Users/steven/Desktop/tmp/python_pg/ecs_mapping_webapp/venv/lib/python3.13/site-packages/rest_framework/decorators.py", line 50, in handler
    return func(*args, **kwargs)
  File "/Users/steven/Desktop/tmp/python_pg/ecs_mapping_webapp/ecs_project/ecs_app/views.py", line 154, in get_ecs_mapping
    stored_mapping = get_stored_mapping(log_field)
                     ^^^^^^^^^^^^^^^^^^
NameError: name 'get_stored_mapping' is not defined. Did you mean: 'get_ecs_mapping'?
ERROR 2025-03-07 04:23:35,518 django.server 213 basehttp 27791 6165983232 "POST /api/mappings/ecs/ HTTP/1.1" 500 92224
INFO 2025-03-07 04:25:01,474 django.utils.autoreload 266 autoreload 27791 8430225472 /Users/steven/Desktop/tmp/python_pg/ecs_mapping_webapp/ecs_project/ecs_app/views.py changed, reloading.
INFO 2025-03-07 04:25:02,207 django.utils.autoreload 668 autoreload 28340 8430225472 Watching for file changes with StatReloader
INFO 2025-03-07 04:25:13,545 django.server 213 basehttp 28340 12901707776 "POST /api/mappings/ecs/ HTTP/1.1" 200 28
INFO 2025-03-07 04:26:04,528 django.server 213 basehttp 28340 12901707776 "POST /api/mappings/ecs/ HTTP/1.1" 200 30
ERROR 2025-03-07 04:27:23,302 django.request 248 log 28340 12901707776 Internal Server Error: /api/mappings/ecs/
Traceback (most recent call last):
  File "/Users/steven/Desktop/tmp/python_pg/ecs_mapping_webapp/venv/lib/python3.13/site-packages/django/core/handlers/exception.py", line 55, in inner
    response = get_response(request)
  File "/Users/steven/Desktop/tmp/python_pg/ecs_mapping_webapp/venv/lib/python3.13/site-packages/django/core/handlers/base.py", line 197, in _get_response
    response = wrapped_callback(request, *callback_args, **callback_kwargs)
  File "/Users/steven/Desktop/tmp/python_pg/ecs_mapping_webapp/venv/lib/python3.13/site-packages/django/views/decorators/csrf.py", line 65, in _view_wrapper
    return view_func(request, *args, **kwargs)
  File "/Users/steven/Desktop/tmp/python_pg/ecs_mapping_webapp/venv/lib/python3.13/site-packages/django/views/generic/base.py", line 104, in view
    return self.dispatch(request, *args, **kwargs)
           ~~~~~~~~~~~~~^^^^^^^^^^^^^^^^^^^^^^^^^^
  File "/Users/steven/Desktop/tmp/python_pg/ecs_mapping_webapp/venv/lib/python3.13/site-packages/rest_framework/views.py", line 509, in dispatch
    response = self.handle_exception(exc)
  File "/Users/steven/Desktop/tmp/python_pg/ecs_mapping_webapp/venv/lib/python3.13/site-packages/rest_framework/views.py", line 469, in handle_exception
    self.raise_uncaught_exception(exc)
    ~~~~~~~~~~~~~~~~~~~~~~~~~~~~~^^^^^
  File "/Users/steven/Desktop/tmp/python_pg/ecs_mapping_webapp/venv/lib/python3.13/site-packages/rest_framework/views.py", line 480, in raise_uncaught_exception
    raise exc
  File "/Users/steven/Desktop/tmp/python_pg/ecs_mapping_webapp/venv/lib/python3.13/site-packages/rest_framework/views.py", line 506, in dispatch
    response = handler(request, *args, **kwargs)
  File "/Users/steven/Desktop/tmp/python_pg/ecs_mapping_webapp/venv/lib/python3.13/site-packages/rest_framework/decorators.py", line 50, in handler
    return func(*args, **kwargs)
  File "/Users/steven/Desktop/tmp/python_pg/ecs_mapping_webapp/ecs_project/ecs_app/views.py", line 165, in get_ecs_mapping
    similar_fields = find_similar_fields_hybrid(log_field)
  File "/Users/steven/Desktop/tmp/python_pg/ecs_mapping_webapp/ecs_project/ecs_app/views.py", line 73, in find_similar_fields_hybrid
    tokenized_corpus = [word_tokenize(doc.lower()) for doc in corpus]
                        ~~~~~~~~~~~~~^^^^^^^^^^^^^
  File "/Users/steven/Desktop/tmp/python_pg/ecs_mapping_webapp/venv/lib/python3.13/site-packages/nltk/tokenize/__init__.py", line 142, in word_tokenize
    sentences = [text] if preserve_line else sent_tokenize(text, language)
                                             ~~~~~~~~~~~~~^^^^^^^^^^^^^^^^
  File "/Users/steven/Desktop/tmp/python_pg/ecs_mapping_webapp/venv/lib/python3.13/site-packages/nltk/tokenize/__init__.py", line 119, in sent_tokenize
    tokenizer = _get_punkt_tokenizer(language)
  File "/Users/steven/Desktop/tmp/python_pg/ecs_mapping_webapp/venv/lib/python3.13/site-packages/nltk/tokenize/__init__.py", line 105, in _get_punkt_tokenizer
    return PunktTokenizer(language)
  File "/Users/steven/Desktop/tmp/python_pg/ecs_mapping_webapp/venv/lib/python3.13/site-packages/nltk/tokenize/punkt.py", line 1744, in __init__
    self.load_lang(lang)
    ~~~~~~~~~~~~~~^^^^^^
  File "/Users/steven/Desktop/tmp/python_pg/ecs_mapping_webapp/venv/lib/python3.13/site-packages/nltk/tokenize/punkt.py", line 1749, in load_lang
    lang_dir = find(f"tokenizers/punkt_tab/{lang}/")
  File "/Users/steven/Desktop/tmp/python_pg/ecs_mapping_webapp/venv/lib/python3.13/site-packages/nltk/data.py", line 579, in find
    raise LookupError(resource_not_found)
LookupError: 
**********************************************************************
  Resource [93mpunkt_tab[0m not found.
  Please use the NLTK Downloader to obtain the resource:

  [31m>>> import nltk
  >>> nltk.download('punkt_tab')
  [0m
  For more information see: https://www.nltk.org/data.html

  Attempted to load [93mtokenizers/punkt_tab/english/[0m

  Searched in:
    - '/Users/steven/nltk_data'
    - '/Users/steven/Desktop/tmp/python_pg/ecs_mapping_webapp/venv/nltk_data'
    - '/Users/steven/Desktop/tmp/python_pg/ecs_mapping_webapp/venv/share/nltk_data'
    - '/Users/steven/Desktop/tmp/python_pg/ecs_mapping_webapp/venv/lib/nltk_data'
    - '/usr/share/nltk_data'
    - '/usr/local/share/nltk_data'
    - '/usr/lib/nltk_data'
    - '/usr/local/lib/nltk_data'
**********************************************************************

ERROR 2025-03-07 04:27:23,306 django.server 213 basehttp 28340 12901707776 "POST /api/mappings/ecs/ HTTP/1.1" 500 140116
ERROR 2025-03-07 04:30:20,488 django.request 248 log 28340 12901707776 Internal Server Error: /api/mappings/ecs/
Traceback (most recent call last):
  File "/Users/steven/Desktop/tmp/python_pg/ecs_mapping_webapp/venv/lib/python3.13/site-packages/django/core/handlers/exception.py", line 55, in inner
    response = get_response(request)
  File "/Users/steven/Desktop/tmp/python_pg/ecs_mapping_webapp/venv/lib/python3.13/site-packages/django/core/handlers/base.py", line 197, in _get_response
    response = wrapped_callback(request, *callback_args, **callback_kwargs)
  File "/Users/steven/Desktop/tmp/python_pg/ecs_mapping_webapp/venv/lib/python3.13/site-packages/django/views/decorators/csrf.py", line 65, in _view_wrapper
    return view_func(request, *args, **kwargs)
  File "/Users/steven/Desktop/tmp/python_pg/ecs_mapping_webapp/venv/lib/python3.13/site-packages/django/views/generic/base.py", line 104, in view
    return self.dispatch(request, *args, **kwargs)
           ~~~~~~~~~~~~~^^^^^^^^^^^^^^^^^^^^^^^^^^
  File "/Users/steven/Desktop/tmp/python_pg/ecs_mapping_webapp/venv/lib/python3.13/site-packages/rest_framework/views.py", line 509, in dispatch
    response = self.handle_exception(exc)
  File "/Users/steven/Desktop/tmp/python_pg/ecs_mapping_webapp/venv/lib/python3.13/site-packages/rest_framework/views.py", line 469, in handle_exception
    self.raise_uncaught_exception(exc)
    ~~~~~~~~~~~~~~~~~~~~~~~~~~~~~^^^^^
  File "/Users/steven/Desktop/tmp/python_pg/ecs_mapping_webapp/venv/lib/python3.13/site-packages/rest_framework/views.py", line 480, in raise_uncaught_exception
    raise exc
  File "/Users/steven/Desktop/tmp/python_pg/ecs_mapping_webapp/venv/lib/python3.13/site-packages/rest_framework/views.py", line 506, in dispatch
    response = handler(request, *args, **kwargs)
  File "/Users/steven/Desktop/tmp/python_pg/ecs_mapping_webapp/venv/lib/python3.13/site-packages/rest_framework/decorators.py", line 50, in handler
    return func(*args, **kwargs)
  File "/Users/steven/Desktop/tmp/python_pg/ecs_mapping_webapp/ecs_project/ecs_app/views.py", line 165, in get_ecs_mapping
    similar_fields = find_similar_fields_hybrid(log_field)
  File "/Users/steven/Desktop/tmp/python_pg/ecs_mapping_webapp/ecs_project/ecs_app/views.py", line 73, in find_similar_fields_hybrid
    tokenized_corpus = [word_tokenize(doc.lower()) for doc in corpus]
                        ~~~~~~~~~~~~~^^^^^^^^^^^^^
  File "/Users/steven/Desktop/tmp/python_pg/ecs_mapping_webapp/venv/lib/python3.13/site-packages/nltk/tokenize/__init__.py", line 142, in word_tokenize
    sentences = [text] if preserve_line else sent_tokenize(text, language)
                                             ~~~~~~~~~~~~~^^^^^^^^^^^^^^^^
  File "/Users/steven/Desktop/tmp/python_pg/ecs_mapping_webapp/venv/lib/python3.13/site-packages/nltk/tokenize/__init__.py", line 119, in sent_tokenize
    tokenizer = _get_punkt_tokenizer(language)
  File "/Users/steven/Desktop/tmp/python_pg/ecs_mapping_webapp/venv/lib/python3.13/site-packages/nltk/tokenize/__init__.py", line 105, in _get_punkt_tokenizer
    return PunktTokenizer(language)
  File "/Users/steven/Desktop/tmp/python_pg/ecs_mapping_webapp/venv/lib/python3.13/site-packages/nltk/tokenize/punkt.py", line 1744, in __init__
    self.load_lang(lang)
    ~~~~~~~~~~~~~~^^^^^^
  File "/Users/steven/Desktop/tmp/python_pg/ecs_mapping_webapp/venv/lib/python3.13/site-packages/nltk/tokenize/punkt.py", line 1749, in load_lang
    lang_dir = find(f"tokenizers/punkt_tab/{lang}/")
  File "/Users/steven/Desktop/tmp/python_pg/ecs_mapping_webapp/venv/lib/python3.13/site-packages/nltk/data.py", line 579, in find
    raise LookupError(resource_not_found)
LookupError: 
**********************************************************************
  Resource [93mpunkt_tab[0m not found.
  Please use the NLTK Downloader to obtain the resource:

  [31m>>> import nltk
  >>> nltk.download('punkt_tab')
  [0m
  For more information see: https://www.nltk.org/data.html

  Attempted to load [93mtokenizers/punkt_tab/english/[0m

  Searched in:
    - '/Users/steven/nltk_data'
    - '/Users/steven/Desktop/tmp/python_pg/ecs_mapping_webapp/venv/nltk_data'
    - '/Users/steven/Desktop/tmp/python_pg/ecs_mapping_webapp/venv/share/nltk_data'
    - '/Users/steven/Desktop/tmp/python_pg/ecs_mapping_webapp/venv/lib/nltk_data'
    - '/usr/share/nltk_data'
    - '/usr/local/share/nltk_data'
    - '/usr/lib/nltk_data'
    - '/usr/local/lib/nltk_data'
**********************************************************************

ERROR 2025-03-07 04:30:20,491 django.server 213 basehttp 28340 12901707776 "POST /api/mappings/ecs/ HTTP/1.1" 500 140330
INFO 2025-03-07 04:30:33,469 django.utils.autoreload 668 autoreload 30091 8430225472 Watching for file changes with StatReloader
ERROR 2025-03-07 04:30:43,436 django.request 248 log 30091 6168506368 Internal Server Error: /api/mappings/ecs/
Traceback (most recent call last):
  File "/Users/steven/Desktop/tmp/python_pg/ecs_mapping_webapp/venv/lib/python3.13/site-packages/django/core/handlers/exception.py", line 55, in inner
    response = get_response(request)
  File "/Users/steven/Desktop/tmp/python_pg/ecs_mapping_webapp/venv/lib/python3.13/site-packages/django/core/handlers/base.py", line 197, in _get_response
    response = wrapped_callback(request, *callback_args, **callback_kwargs)
  File "/Users/steven/Desktop/tmp/python_pg/ecs_mapping_webapp/venv/lib/python3.13/site-packages/django/views/decorators/csrf.py", line 65, in _view_wrapper
    return view_func(request, *args, **kwargs)
  File "/Users/steven/Desktop/tmp/python_pg/ecs_mapping_webapp/venv/lib/python3.13/site-packages/django/views/generic/base.py", line 104, in view
    return self.dispatch(request, *args, **kwargs)
           ~~~~~~~~~~~~~^^^^^^^^^^^^^^^^^^^^^^^^^^
  File "/Users/steven/Desktop/tmp/python_pg/ecs_mapping_webapp/venv/lib/python3.13/site-packages/rest_framework/views.py", line 509, in dispatch
    response = self.handle_exception(exc)
  File "/Users/steven/Desktop/tmp/python_pg/ecs_mapping_webapp/venv/lib/python3.13/site-packages/rest_framework/views.py", line 469, in handle_exception
    self.raise_uncaught_exception(exc)
    ~~~~~~~~~~~~~~~~~~~~~~~~~~~~~^^^^^
  File "/Users/steven/Desktop/tmp/python_pg/ecs_mapping_webapp/venv/lib/python3.13/site-packages/rest_framework/views.py", line 480, in raise_uncaught_exception
    raise exc
  File "/Users/steven/Desktop/tmp/python_pg/ecs_mapping_webapp/venv/lib/python3.13/site-packages/rest_framework/views.py", line 506, in dispatch
    response = handler(request, *args, **kwargs)
  File "/Users/steven/Desktop/tmp/python_pg/ecs_mapping_webapp/venv/lib/python3.13/site-packages/rest_framework/decorators.py", line 50, in handler
    return func(*args, **kwargs)
  File "/Users/steven/Desktop/tmp/python_pg/ecs_mapping_webapp/ecs_project/ecs_app/views.py", line 165, in get_ecs_mapping
    similar_fields = find_similar_fields_hybrid(log_field)
  File "/Users/steven/Desktop/tmp/python_pg/ecs_mapping_webapp/ecs_project/ecs_app/views.py", line 73, in find_similar_fields_hybrid
    tokenized_corpus = [word_tokenize(doc.lower()) for doc in corpus]
                        ~~~~~~~~~~~~~^^^^^^^^^^^^^
  File "/Users/steven/Desktop/tmp/python_pg/ecs_mapping_webapp/venv/lib/python3.13/site-packages/nltk/tokenize/__init__.py", line 142, in word_tokenize
    sentences = [text] if preserve_line else sent_tokenize(text, language)
                                             ~~~~~~~~~~~~~^^^^^^^^^^^^^^^^
  File "/Users/steven/Desktop/tmp/python_pg/ecs_mapping_webapp/venv/lib/python3.13/site-packages/nltk/tokenize/__init__.py", line 119, in sent_tokenize
    tokenizer = _get_punkt_tokenizer(language)
  File "/Users/steven/Desktop/tmp/python_pg/ecs_mapping_webapp/venv/lib/python3.13/site-packages/nltk/tokenize/__init__.py", line 105, in _get_punkt_tokenizer
    return PunktTokenizer(language)
  File "/Users/steven/Desktop/tmp/python_pg/ecs_mapping_webapp/venv/lib/python3.13/site-packages/nltk/tokenize/punkt.py", line 1744, in __init__
    self.load_lang(lang)
    ~~~~~~~~~~~~~~^^^^^^
  File "/Users/steven/Desktop/tmp/python_pg/ecs_mapping_webapp/venv/lib/python3.13/site-packages/nltk/tokenize/punkt.py", line 1749, in load_lang
    lang_dir = find(f"tokenizers/punkt_tab/{lang}/")
  File "/Users/steven/Desktop/tmp/python_pg/ecs_mapping_webapp/venv/lib/python3.13/site-packages/nltk/data.py", line 579, in find
    raise LookupError(resource_not_found)
LookupError: 
**********************************************************************
  Resource [93mpunkt_tab[0m not found.
  Please use the NLTK Downloader to obtain the resource:

  [31m>>> import nltk
  >>> nltk.download('punkt_tab')
  [0m
  For more information see: https://www.nltk.org/data.html

  Attempted to load [93mtokenizers/punkt_tab/english/[0m

  Searched in:
    - '/Users/steven/nltk_data'
    - '/Users/steven/Desktop/tmp/python_pg/ecs_mapping_webapp/venv/nltk_data'
    - '/Users/steven/Desktop/tmp/python_pg/ecs_mapping_webapp/venv/share/nltk_data'
    - '/Users/steven/Desktop/tmp/python_pg/ecs_mapping_webapp/venv/lib/nltk_data'
    - '/usr/share/nltk_data'
    - '/usr/local/share/nltk_data'
    - '/usr/lib/nltk_data'
    - '/usr/local/lib/nltk_data'
**********************************************************************

ERROR 2025-03-07 04:30:43,440 django.server 213 basehttp 30091 6168506368 "POST /api/mappings/ecs/ HTTP/1.1" 500 140330
INFO 2025-03-07 04:31:54,505 django.utils.autoreload 668 autoreload 30555 8430225472 Watching for file changes with StatReloader
INFO 2025-03-07 04:32:12,066 django.server 213 basehttp 30555 6389608448 "POST /api/mappings/ecs/ HTTP/1.1" 200 55
INFO 2025-03-07 06:04:38,071 django.utils.autoreload 668 autoreload 66831 8430225472 Watching for file changes with StatReloader
INFO 2025-03-07 06:04:55,644 django.server 213 basehttp 66831 6247739392 "POST /api/mappings/ecs/ HTTP/1.1" 200 55
INFO 2025-03-07 06:05:11,062 django.server 213 basehttp 66831 6247739392 "POST /api/mappings/ecs/ HTTP/1.1" 200 55
INFO 2025-03-07 06:11:19,950 django.utils.autoreload 266 autoreload 66831 8430225472 /Users/steven/Desktop/tmp/python_pg/ecs_mapping_webapp/ecs_project/ecs_app/views.py changed, reloading.
INFO 2025-03-07 06:11:20,659 django.utils.autoreload 668 autoreload 68856 8430225472 Watching for file changes with StatReloader
INFO 2025-03-07 06:11:41,318 django.server 213 basehttp 68856 13035925504 "POST /api/mappings/ecs/ HTTP/1.1" 200 60
INFO 2025-03-07 06:12:02,942 django.server 213 basehttp 68856 13035925504 "POST /api/mappings/ecs/ HTTP/1.1" 200 54
INFO 2025-03-07 06:35:37,508 django.utils.autoreload 668 autoreload 76499 8430225472 Watching for file changes with StatReloader
INFO 2025-03-07 06:35:53,360 django.server 213 basehttp 76499 6170472448 "POST /api/mappings/ecs/ HTTP/1.1" 200 58
INFO 2025-03-07 06:37:26,009 django.server 213 basehttp 76499 6286618624 "POST /api/mappings/ecs/ HTTP/1.1" 200 58
INFO 2025-03-10 02:49:38,156 django.utils.autoreload 668 autoreload 4831 8565508160 Watching for file changes with StatReloader
INFO 2025-03-10 02:50:04,626 django.server 213 basehttp 4831 6157774848 "POST /api/mappings/ecs/ HTTP/1.1" 200 58
INFO 2025-03-10 02:50:17,736 django.server 213 basehttp 4831 6157774848 "POST /api/mappings/ecs/ HTTP/1.1" 200 56
INFO 2025-03-11 05:49:00,341 django.utils.autoreload 668 autoreload 96671 8565508160 Watching for file changes with StatReloader
WARNING 2025-03-11 05:49:25,753 django.request 248 log 96671 12901707776 Not Found: /api/token
WARNING 2025-03-11 05:49:25,754 django.server 213 basehttp 96671 12901707776 "POST /api/token HTTP/1.1" 404 2458
INFO 2025-03-11 05:53:31,125 django.utils.autoreload 266 autoreload 96671 8565508160 /Users/steven/Desktop/tmp/python_pg/ecs_mapping_webapp/ecs_project/ecs_project/urls.py changed, reloading.
INFO 2025-03-11 05:53:32,141 django.utils.autoreload 668 autoreload 98731 8565508160 Watching for file changes with StatReloader
INFO 2025-03-11 05:54:26,396 django.utils.autoreload 266 autoreload 98731 8565508160 /Users/steven/Desktop/tmp/python_pg/ecs_mapping_webapp/ecs_project/ecs_project/urls.py changed, reloading.
INFO 2025-03-11 05:54:27,332 django.utils.autoreload 668 autoreload 99153 8565508160 Watching for file changes with StatReloader
INFO 2025-03-11 05:56:04,178 django.utils.autoreload 266 autoreload 99153 8565508160 /Users/steven/Desktop/tmp/python_pg/ecs_mapping_webapp/ecs_project/ecs_project/urls.py changed, reloading.
INFO 2025-03-11 05:56:05,064 django.utils.autoreload 668 autoreload 99882 8565508160 Watching for file changes with StatReloader
INFO 2025-03-11 05:56:18,431 django.utils.autoreload 266 autoreload 99882 8565508160 /Users/steven/Desktop/tmp/python_pg/ecs_mapping_webapp/ecs_project/ecs_project/urls.py changed, reloading.
INFO 2025-03-11 05:56:18,622 django.utils.autoreload 668 autoreload 99997 8565508160 Watching for file changes with StatReloader
INFO 2025-03-11 06:04:52,482 django.utils.autoreload 668 autoreload 5414 8565508160 Watching for file changes with StatReloader
INFO 2025-03-11 06:05:35,382 django.utils.autoreload 668 autoreload 5794 8565508160 Watching for file changes with StatReloader
WARNING 2025-03-11 06:06:17,313 django.request 241 log 5794 14020636672 Not Found: /
WARNING 2025-03-11 06:06:17,314 django.server 212 basehttp 5794 14020636672 "GET / HTTP/1.1" 404 2576
WARNING 2025-03-11 06:06:17,470 django.request 241 log 5794 14020636672 Not Found: /favicon.ico
WARNING 2025-03-11 06:06:17,471 django.server 212 basehttp 5794 14020636672 "GET /favicon.ico HTTP/1.1" 404 2627
INFO 2025-03-11 06:09:40,833 django.utils.autoreload 668 autoreload 9075 8565508160 Watching for file changes with StatReloader
INFO 2025-03-11 06:10:22,206 django.server 212 basehttp 9075 13570895872 "POST /api/token/ HTTP/1.1" 200 483
INFO 2025-03-11 06:16:42,935 django.utils.autoreload 668 autoreload 13725 8565508160 Watching for file changes with StatReloader
INFO 2025-03-11 06:17:03,243 django.utils.autoreload 668 autoreload 13920 8565508160 Watching for file changes with StatReloader
INFO 2025-03-11 06:17:47,411 django.utils.autoreload 668 autoreload 14264 8565508160 Watching for file changes with StatReloader
INFO 2025-03-11 06:19:32,803 django.utils.autoreload 266 autoreload 14264 8565508160 /Users/steven/Desktop/tmp/python_pg/ecs_mapping_webapp/ecs_project/ecs_project/urls.py changed, reloading.
INFO 2025-03-11 06:19:33,047 django.utils.autoreload 668 autoreload 15061 8565508160 Watching for file changes with StatReloader
INFO 2025-03-11 06:26:26,393 django.utils.autoreload 668 autoreload 19646 8565508160 Watching for file changes with StatReloader
INFO 2025-03-14 03:28:00,641 django.utils.autoreload 668 autoreload 62432 8565508160 Watching for file changes with StatReloader
WARNING 2025-03-14 03:28:21,594 django.request 241 log 62432 14192177152 Not Found: /
WARNING 2025-03-14 03:28:21,594 django.server 212 basehttp 62432 14192177152 "GET / HTTP/1.1" 404 2576
WARNING 2025-03-14 03:28:28,089 django.request 241 log 62432 14192177152 Not Found: /
WARNING 2025-03-14 03:28:28,090 django.server 212 basehttp 62432 14192177152 "GET / HTTP/1.1" 404 2576
INFO 2025-03-14 03:29:00,954 django.server 212 basehttp 62432 6190804992 "OPTIONS /api/token HTTP/1.1" 200 0
ERROR 2025-03-14 03:29:00,979 django.request 241 log 62432 6190804992 Internal Server Error: /api/token
Traceback (most recent call last):
  File "/Users/steven/Desktop/tmp/python_pg/ecs_mapping_webapp/.venv/lib/python3.9/site-packages/django/core/handlers/exception.py", line 55, in inner
    response = get_response(request)
  File "/Users/steven/Desktop/tmp/python_pg/ecs_mapping_webapp/.venv/lib/python3.9/site-packages/django/utils/deprecation.py", line 136, in __call__
    response = self.process_response(request, response)
  File "/Users/steven/Desktop/tmp/python_pg/ecs_mapping_webapp/.venv/lib/python3.9/site-packages/django/middleware/common.py", line 108, in process_response
    return self.response_redirect_class(self.get_full_path_with_slash(request))
  File "/Users/steven/Desktop/tmp/python_pg/ecs_mapping_webapp/.venv/lib/python3.9/site-packages/django/middleware/common.py", line 87, in get_full_path_with_slash
    raise RuntimeError(
RuntimeError: You called this URL via POST, but the URL doesn't end in a slash and you have APPEND_SLASH set. Django can't redirect to the slash URL while maintaining POST data. Change your form to point to localhost:8000/api/token/ (note the trailing slash), or set APPEND_SLASH=False in your Django settings.
ERROR 2025-03-14 03:29:00,986 django.server 212 basehttp 62432 6190804992 "POST /api/token HTTP/1.1" 500 68882
ERROR 2025-03-14 03:29:08,620 django.request 241 log 62432 6190804992 Internal Server Error: /api/token
Traceback (most recent call last):
  File "/Users/steven/Desktop/tmp/python_pg/ecs_mapping_webapp/.venv/lib/python3.9/site-packages/django/core/handlers/exception.py", line 55, in inner
    response = get_response(request)
  File "/Users/steven/Desktop/tmp/python_pg/ecs_mapping_webapp/.venv/lib/python3.9/site-packages/django/utils/deprecation.py", line 136, in __call__
    response = self.process_response(request, response)
  File "/Users/steven/Desktop/tmp/python_pg/ecs_mapping_webapp/.venv/lib/python3.9/site-packages/django/middleware/common.py", line 108, in process_response
    return self.response_redirect_class(self.get_full_path_with_slash(request))
  File "/Users/steven/Desktop/tmp/python_pg/ecs_mapping_webapp/.venv/lib/python3.9/site-packages/django/middleware/common.py", line 87, in get_full_path_with_slash
    raise RuntimeError(
RuntimeError: You called this URL via POST, but the URL doesn't end in a slash and you have APPEND_SLASH set. Django can't redirect to the slash URL while maintaining POST data. Change your form to point to localhost:8000/api/token/ (note the trailing slash), or set APPEND_SLASH=False in your Django settings.
ERROR 2025-03-14 03:29:08,622 django.server 212 basehttp 62432 6190804992 "POST /api/token HTTP/1.1" 500 68946
ERROR 2025-03-14 03:29:48,558 django.request 241 log 62432 6190804992 Internal Server Error: /api/token
Traceback (most recent call last):
  File "/Users/steven/Desktop/tmp/python_pg/ecs_mapping_webapp/.venv/lib/python3.9/site-packages/django/core/handlers/exception.py", line 55, in inner
    response = get_response(request)
  File "/Users/steven/Desktop/tmp/python_pg/ecs_mapping_webapp/.venv/lib/python3.9/site-packages/django/utils/deprecation.py", line 136, in __call__
    response = self.process_response(request, response)
  File "/Users/steven/Desktop/tmp/python_pg/ecs_mapping_webapp/.venv/lib/python3.9/site-packages/django/middleware/common.py", line 108, in process_response
    return self.response_redirect_class(self.get_full_path_with_slash(request))
  File "/Users/steven/Desktop/tmp/python_pg/ecs_mapping_webapp/.venv/lib/python3.9/site-packages/django/middleware/common.py", line 87, in get_full_path_with_slash
    raise RuntimeError(
RuntimeError: You called this URL via POST, but the URL doesn't end in a slash and you have APPEND_SLASH set. Django can't redirect to the slash URL while maintaining POST data. Change your form to point to localhost:8000/api/token/ (note the trailing slash), or set APPEND_SLASH=False in your Django settings.
ERROR 2025-03-14 03:29:48,563 django.server 212 basehttp 62432 6190804992 "POST /api/token HTTP/1.1" 500 68978
ERROR 2025-03-14 03:30:02,138 django.request 241 log 62432 14094856192 Internal Server Error: /api/token
Traceback (most recent call last):
  File "/Users/steven/Desktop/tmp/python_pg/ecs_mapping_webapp/.venv/lib/python3.9/site-packages/django/core/handlers/exception.py", line 55, in inner
    response = get_response(request)
  File "/Users/steven/Desktop/tmp/python_pg/ecs_mapping_webapp/.venv/lib/python3.9/site-packages/django/utils/deprecation.py", line 136, in __call__
    response = self.process_response(request, response)
  File "/Users/steven/Desktop/tmp/python_pg/ecs_mapping_webapp/.venv/lib/python3.9/site-packages/django/middleware/common.py", line 108, in process_response
    return self.response_redirect_class(self.get_full_path_with_slash(request))
  File "/Users/steven/Desktop/tmp/python_pg/ecs_mapping_webapp/.venv/lib/python3.9/site-packages/django/middleware/common.py", line 87, in get_full_path_with_slash
    raise RuntimeError(
RuntimeError: You called this URL via POST, but the URL doesn't end in a slash and you have APPEND_SLASH set. Django can't redirect to the slash URL while maintaining POST data. Change your form to point to localhost:8000/api/token/ (note the trailing slash), or set APPEND_SLASH=False in your Django settings.
ERROR 2025-03-14 03:30:02,145 django.server 212 basehttp 62432 14094856192 "POST /api/token HTTP/1.1" 500 68978
ERROR 2025-03-14 03:30:09,917 django.request 241 log 62432 14094856192 Internal Server Error: /api/token
Traceback (most recent call last):
  File "/Users/steven/Desktop/tmp/python_pg/ecs_mapping_webapp/.venv/lib/python3.9/site-packages/django/core/handlers/exception.py", line 55, in inner
    response = get_response(request)
  File "/Users/steven/Desktop/tmp/python_pg/ecs_mapping_webapp/.venv/lib/python3.9/site-packages/django/utils/deprecation.py", line 136, in __call__
    response = self.process_response(request, response)
  File "/Users/steven/Desktop/tmp/python_pg/ecs_mapping_webapp/.venv/lib/python3.9/site-packages/django/middleware/common.py", line 108, in process_response
    return self.response_redirect_class(self.get_full_path_with_slash(request))
  File "/Users/steven/Desktop/tmp/python_pg/ecs_mapping_webapp/.venv/lib/python3.9/site-packages/django/middleware/common.py", line 87, in get_full_path_with_slash
    raise RuntimeError(
RuntimeError: You called this URL via POST, but the URL doesn't end in a slash and you have APPEND_SLASH set. Django can't redirect to the slash URL while maintaining POST data. Change your form to point to localhost:8000/api/token/ (note the trailing slash), or set APPEND_SLASH=False in your Django settings.
ERROR 2025-03-14 03:30:09,923 django.server 212 basehttp 62432 14094856192 "POST /api/token HTTP/1.1" 500 68914
ERROR 2025-03-14 03:31:03,048 django.request 241 log 62432 14094856192 Internal Server Error: /api/token
Traceback (most recent call last):
  File "/Users/steven/Desktop/tmp/python_pg/ecs_mapping_webapp/.venv/lib/python3.9/site-packages/django/core/handlers/exception.py", line 55, in inner
    response = get_response(request)
  File "/Users/steven/Desktop/tmp/python_pg/ecs_mapping_webapp/.venv/lib/python3.9/site-packages/django/utils/deprecation.py", line 136, in __call__
    response = self.process_response(request, response)
  File "/Users/steven/Desktop/tmp/python_pg/ecs_mapping_webapp/.venv/lib/python3.9/site-packages/django/middleware/common.py", line 108, in process_response
    return self.response_redirect_class(self.get_full_path_with_slash(request))
  File "/Users/steven/Desktop/tmp/python_pg/ecs_mapping_webapp/.venv/lib/python3.9/site-packages/django/middleware/common.py", line 87, in get_full_path_with_slash
    raise RuntimeError(
RuntimeError: You called this URL via POST, but the URL doesn't end in a slash and you have APPEND_SLASH set. Django can't redirect to the slash URL while maintaining POST data. Change your form to point to localhost:8000/api/token/ (note the trailing slash), or set APPEND_SLASH=False in your Django settings.
ERROR 2025-03-14 03:31:03,052 django.server 212 basehttp 62432 14094856192 "POST /api/token HTTP/1.1" 500 68978
INFO 2025-03-14 03:33:00,035 django.server 212 basehttp 62432 14094856192 "POST /api/token/ HTTP/1.1" 200 483
ERROR 2025-03-14 03:33:16,729 django.request 241 log 62432 14112206848 Internal Server Error: /api/token
Traceback (most recent call last):
  File "/Users/steven/Desktop/tmp/python_pg/ecs_mapping_webapp/.venv/lib/python3.9/site-packages/django/core/handlers/exception.py", line 55, in inner
    response = get_response(request)
  File "/Users/steven/Desktop/tmp/python_pg/ecs_mapping_webapp/.venv/lib/python3.9/site-packages/django/utils/deprecation.py", line 136, in __call__
    response = self.process_response(request, response)
  File "/Users/steven/Desktop/tmp/python_pg/ecs_mapping_webapp/.venv/lib/python3.9/site-packages/django/middleware/common.py", line 108, in process_response
    return self.response_redirect_class(self.get_full_path_with_slash(request))
  File "/Users/steven/Desktop/tmp/python_pg/ecs_mapping_webapp/.venv/lib/python3.9/site-packages/django/middleware/common.py", line 87, in get_full_path_with_slash
    raise RuntimeError(
RuntimeError: You called this URL via POST, but the URL doesn't end in a slash and you have APPEND_SLASH set. Django can't redirect to the slash URL while maintaining POST data. Change your form to point to localhost:8000/api/token/ (note the trailing slash), or set APPEND_SLASH=False in your Django settings.
ERROR 2025-03-14 03:33:16,732 django.server 212 basehttp 62432 14112206848 "POST /api/token HTTP/1.1" 500 68978
INFO 2025-03-14 03:34:20,866 django.server 212 basehttp 62432 14112206848 "OPTIONS /api/token/ HTTP/1.1" 200 0
INFO 2025-03-14 03:34:21,061 django.server 212 basehttp 62432 14112206848 "POST /api/token/ HTTP/1.1" 200 483
INFO 2025-03-14 03:42:41,876 django.server 212 basehttp 62432 14112206848 "OPTIONS /api/mappings/ecs/ HTTP/1.1" 200 0
INFO 2025-03-14 03:42:48,588 django.server 212 basehttp 62432 14112206848 "POST /api/mappings/ecs/ HTTP/1.1" 200 96
INFO 2025-03-14 04:18:19,119 django.server 212 basehttp 62432 14112206848 "POST /api/token/ HTTP/1.1" 200 483
INFO 2025-03-14 04:18:42,299 django.server 212 basehttp 62432 14112206848 "POST /api/mappings/ecs/ HTTP/1.1" 200 96
INFO 2025-03-14 04:19:18,154 django.server 212 basehttp 62432 14112206848 "POST /api/token/ HTTP/1.1" 200 483
INFO 2025-03-14 04:48:11,591 django.server 212 basehttp 62432 14112206848 "POST /api/token/ HTTP/1.1" 200 483
INFO 2025-03-14 04:49:24,218 django.server 212 basehttp 62432 14112206848 "POST /api/token/ HTTP/1.1" 200 483
INFO 2025-03-14 04:49:28,273 django.server 212 basehttp 62432 14347923456 "POST /api/mappings/ecs/ HTTP/1.1" 200 96
INFO 2025-03-16 22:25:41,918 django.utils.autoreload 668 autoreload 5979 8738654272 Watching for file changes with StatReloader
INFO 2025-03-16 22:26:02,251 django.server 212 basehttp 5979 13647966208 "OPTIONS /api/token/ HTTP/1.1" 200 0
INFO 2025-03-16 22:26:02,480 django.server 212 basehttp 5979 13647966208 "POST /api/token/ HTTP/1.1" 200 483
INFO 2025-03-16 22:26:32,800 django.server 212 basehttp 5979 13647966208 "OPTIONS /api/mappings/ecs/ HTTP/1.1" 200 0
INFO 2025-03-16 22:26:32,817 django.server 212 basehttp 5979 13647966208 "POST /api/mappings/ecs/ HTTP/1.1" 200 96
INFO 2025-03-16 22:43:59,521 django.utils.autoreload 668 autoreload 8161 8738654272 Watching for file changes with StatReloader
INFO 2025-03-16 22:44:38,384 django.server 212 basehttp 8161 14039216128 "POST /api/token/ HTTP/1.1" 200 483
WARNING 2025-03-16 22:44:52,108 django.request 241 log 8161 14056042496 Unauthorized: /api/mappings/ecs/
WARNING 2025-03-16 22:44:52,110 django.server 212 basehttp 8161 14056042496 "POST /api/mappings/ecs/ HTTP/1.1" 401 58
WARNING 2025-03-16 22:45:11,560 django.request 241 log 8161 14056042496 Unauthorized: /api/mappings/ecs/
WARNING 2025-03-16 22:45:11,561 django.server 212 basehttp 8161 14056042496 "POST /api/mappings/ecs/ HTTP/1.1" 401 58
INFO 2025-03-16 22:58:33,876 django.server 212 basehttp 8161 14039216128 "POST /api/token/ HTTP/1.1" 200 483
WARNING 2025-03-16 22:58:47,693 django.request 241 log 8161 14056042496 Unauthorized: /api/mappings/ecs/
WARNING 2025-03-16 22:58:47,694 django.server 212 basehttp 8161 14056042496 "POST /api/mappings/ecs/ HTTP/1.1" 401 58
WARNING 2025-03-16 22:58:51,717 django.request 241 log 8161 14056042496 Unauthorized: /api/mappings/ecs/
WARNING 2025-03-16 22:58:51,718 django.server 212 basehttp 8161 14056042496 "POST /api/mappings/ecs/ HTTP/1.1" 401 58
WARNING 2025-03-16 22:59:26,719 django.request 241 log 8161 14056042496 Unauthorized: /api/mappings/ecs/
WARNING 2025-03-16 22:59:26,720 django.server 212 basehttp 8161 14056042496 "POST /api/mappings/ecs/ HTTP/1.1" 401 58
WARNING 2025-03-16 23:00:47,955 django.request 241 log 8161 14056042496 Unauthorized: /api/mappings/ecs/
WARNING 2025-03-16 23:00:47,957 django.server 212 basehttp 8161 14056042496 "POST /api/mappings/ecs/ HTTP/1.1" 401 58
INFO 2025-03-16 23:01:12,772 django.server 212 basehttp 8161 14039216128 "POST /api/token/ HTTP/1.1" 200 483
WARNING 2025-03-16 23:01:17,364 django.request 241 log 8161 14056042496 Unauthorized: /api/mappings/ecs/
WARNING 2025-03-16 23:01:17,365 django.server 212 basehttp 8161 14056042496 "POST /api/mappings/ecs/ HTTP/1.1" 401 58
WARNING 2025-03-16 23:01:43,682 django.request 241 log 8161 14056042496 Unauthorized: /api/mappings/ecs/
WARNING 2025-03-16 23:01:43,684 django.server 212 basehttp 8161 14056042496 "POST /api/mappings/ecs/ HTTP/1.1" 401 58
INFO 2025-03-16 23:04:38,312 django.server 212 basehttp 8161 14039216128 "POST /api/token/ HTTP/1.1" 200 483
INFO 2025-03-16 23:04:51,790 django.server 212 basehttp 8161 14056042496 "POST /api/mappings/ecs/ HTTP/1.1" 200 96
WARNING 2025-03-16 23:51:22,309 django.request 241 log 8161 14039216128 Unauthorized: /api/mappings/ecs/
WARNING 2025-03-16 23:51:22,311 django.server 212 basehttp 8161 14039216128 "POST /api/mappings/ecs/ HTTP/1.1" 401 172
INFO 2025-03-17 00:01:04,143 django.server 212 basehttp 8161 14039216128 "POST /api/token/ HTTP/1.1" 200 483
INFO 2025-03-17 00:01:15,527 django.server 212 basehttp 8161 14056042496 "POST /api/mappings/ecs/ HTTP/1.1" 200 96
INFO 2025-03-17 00:02:00,514 django.utils.autoreload 266 autoreload 8161 8738654272 /Users/steven/Desktop/tmp/python_pg/ecs_mapping_webapp/ecs_project/ecs_project/settings.py changed, reloading.
INFO 2025-03-17 00:02:01,300 django.utils.autoreload 668 autoreload 9332 8738654272 Watching for file changes with StatReloader
INFO 2025-03-17 00:03:18,661 django.server 212 basehttp 9332 14314237952 "POST /api/token/ HTTP/1.1" 200 483
INFO 2025-03-17 00:03:25,804 django.server 212 basehttp 9332 14331064320 "POST /api/mappings/ecs/ HTTP/1.1" 200 96
WARNING 2025-03-17 00:06:45,901 django.request 241 log 9332 14331064320 Unauthorized: /api/mappings/ecs/
WARNING 2025-03-17 00:06:45,903 django.server 212 basehttp 9332 14331064320 "POST /api/mappings/ecs/ HTTP/1.1" 401 172
WARNING 2025-03-17 00:06:49,468 django.request 241 log 9332 14331064320 Unauthorized: /api/mappings/ecs/
WARNING 2025-03-17 00:06:49,469 django.server 212 basehttp 9332 14331064320 "POST /api/mappings/ecs/ HTTP/1.1" 401 172
WARNING 2025-03-17 00:06:50,326 django.request 241 log 9332 14331064320 Unauthorized: /api/mappings/ecs/
WARNING 2025-03-17 00:06:50,327 django.server 212 basehttp 9332 14331064320 "POST /api/mappings/ecs/ HTTP/1.1" 401 172
WARNING 2025-03-17 00:06:50,752 django.request 241 log 9332 14331064320 Unauthorized: /api/mappings/ecs/
WARNING 2025-03-17 00:06:50,753 django.server 212 basehttp 9332 14331064320 "POST /api/mappings/ecs/ HTTP/1.1" 401 172
INFO 2025-03-17 00:09:49,271 django.server 212 basehttp 9332 14314237952 "POST /api/token/ HTTP/1.1" 200 483
INFO 2025-03-17 00:09:58,199 django.server 212 basehttp 9332 14331064320 "POST /api/mappings/ecs/ HTTP/1.1" 200 96
WARNING 2025-03-17 00:12:07,014 django.request 241 log 9332 14331064320 Unauthorized: /api/mappings/ecs/
WARNING 2025-03-17 00:12:07,014 django.server 212 basehttp 9332 14331064320 "POST /api/mappings/ecs/ HTTP/1.1" 401 172
INFO 2025-03-17 00:12:07,018 django.server 212 basehttp 9332 14331064320 "OPTIONS /api/token/refresh/ HTTP/1.1" 200 0
ERROR 2025-03-17 00:12:07,089 django.request 241 log 9332 14331064320 Internal Server Error: /api/token/refresh/
Traceback (most recent call last):
  File "/Users/steven/Desktop/tmp/python_pg/ecs_mapping_webapp/.venv/lib/python3.9/site-packages/django/core/handlers/exception.py", line 55, in inner
    response = get_response(request)
  File "/Users/steven/Desktop/tmp/python_pg/ecs_mapping_webapp/.venv/lib/python3.9/site-packages/django/core/handlers/base.py", line 197, in _get_response
    response = wrapped_callback(request, *callback_args, **callback_kwargs)
  File "/Users/steven/Desktop/tmp/python_pg/ecs_mapping_webapp/.venv/lib/python3.9/site-packages/django/views/decorators/csrf.py", line 56, in wrapper_view
    return view_func(*args, **kwargs)
  File "/Users/steven/Desktop/tmp/python_pg/ecs_mapping_webapp/.venv/lib/python3.9/site-packages/django/views/generic/base.py", line 104, in view
    return self.dispatch(request, *args, **kwargs)
  File "/Users/steven/Desktop/tmp/python_pg/ecs_mapping_webapp/.venv/lib/python3.9/site-packages/rest_framework/views.py", line 509, in dispatch
    response = self.handle_exception(exc)
  File "/Users/steven/Desktop/tmp/python_pg/ecs_mapping_webapp/.venv/lib/python3.9/site-packages/rest_framework/views.py", line 469, in handle_exception
    self.raise_uncaught_exception(exc)
  File "/Users/steven/Desktop/tmp/python_pg/ecs_mapping_webapp/.venv/lib/python3.9/site-packages/rest_framework/views.py", line 480, in raise_uncaught_exception
    raise exc
  File "/Users/steven/Desktop/tmp/python_pg/ecs_mapping_webapp/.venv/lib/python3.9/site-packages/rest_framework/views.py", line 506, in dispatch
    response = handler(request, *args, **kwargs)
  File "/Users/steven/Desktop/tmp/python_pg/ecs_mapping_webapp/.venv/lib/python3.9/site-packages/rest_framework_simplejwt/views.py", line 44, in post
    serializer.is_valid(raise_exception=True)
  File "/Users/steven/Desktop/tmp/python_pg/ecs_mapping_webapp/.venv/lib/python3.9/site-packages/rest_framework/serializers.py", line 223, in is_valid
    self._validated_data = self.run_validation(self.initial_data)
  File "/Users/steven/Desktop/tmp/python_pg/ecs_mapping_webapp/.venv/lib/python3.9/site-packages/rest_framework/serializers.py", line 445, in run_validation
    value = self.validate(value)
  File "/Users/steven/Desktop/tmp/python_pg/ecs_mapping_webapp/.venv/lib/python3.9/site-packages/rest_framework_simplejwt/serializers.py", line 141, in validate
    refresh.outstand()
  File "/Users/steven/Desktop/tmp/python_pg/ecs_mapping_webapp/.venv/lib/python3.9/site-packages/rest_framework_simplejwt/tokens.py", line 222, in outstand
    return OutstandingToken.objects.get_or_create(
AttributeError: type object 'OutstandingToken' has no attribute 'objects'
ERROR 2025-03-17 00:12:07,111 django.server 212 basehttp 9332 14331064320 "POST /api/token/refresh/ HTTP/1.1" 500 111786
INFO 2025-03-17 00:16:31,729 django.server 212 basehttp 9332 14314237952 "POST /api/token/ HTTP/1.1" 200 483
INFO 2025-03-17 00:16:35,157 django.server 212 basehttp 9332 14331064320 "POST /api/mappings/ecs/ HTTP/1.1" 200 96
INFO 2025-03-17 00:19:27,961 django.utils.autoreload 266 autoreload 9332 8738654272 /Users/steven/Desktop/tmp/python_pg/ecs_mapping_webapp/ecs_project/ecs_project/settings.py changed, reloading.
INFO 2025-03-17 00:19:28,793 django.utils.autoreload 668 autoreload 9677 8738654272 Watching for file changes with StatReloader
INFO 2025-03-17 00:19:53,911 django.server 212 basehttp 9677 13977743360 "POST /api/token/ HTTP/1.1" 200 483
INFO 2025-03-17 00:20:02,895 django.server 212 basehttp 9677 13994569728 "POST /api/mappings/ecs/ HTTP/1.1" 200 96
WARNING 2025-03-17 00:23:39,972 django.request 241 log 9677 13994569728 Unauthorized: /api/mappings/ecs/
WARNING 2025-03-17 00:23:39,973 django.server 212 basehttp 9677 13994569728 "POST /api/mappings/ecs/ HTTP/1.1" 401 172
ERROR 2025-03-17 00:23:40,045 django.request 241 log 9677 13994569728 Internal Server Error: /api/token/refresh/
Traceback (most recent call last):
  File "/Users/steven/Desktop/tmp/python_pg/ecs_mapping_webapp/.venv/lib/python3.9/site-packages/django/core/handlers/exception.py", line 55, in inner
    response = get_response(request)
  File "/Users/steven/Desktop/tmp/python_pg/ecs_mapping_webapp/.venv/lib/python3.9/site-packages/django/core/handlers/base.py", line 197, in _get_response
    response = wrapped_callback(request, *callback_args, **callback_kwargs)
  File "/Users/steven/Desktop/tmp/python_pg/ecs_mapping_webapp/.venv/lib/python3.9/site-packages/django/views/decorators/csrf.py", line 56, in wrapper_view
    return view_func(*args, **kwargs)
  File "/Users/steven/Desktop/tmp/python_pg/ecs_mapping_webapp/.venv/lib/python3.9/site-packages/django/views/generic/base.py", line 104, in view
    return self.dispatch(request, *args, **kwargs)
  File "/Users/steven/Desktop/tmp/python_pg/ecs_mapping_webapp/.venv/lib/python3.9/site-packages/rest_framework/views.py", line 509, in dispatch
    response = self.handle_exception(exc)
  File "/Users/steven/Desktop/tmp/python_pg/ecs_mapping_webapp/.venv/lib/python3.9/site-packages/rest_framework/views.py", line 469, in handle_exception
    self.raise_uncaught_exception(exc)
  File "/Users/steven/Desktop/tmp/python_pg/ecs_mapping_webapp/.venv/lib/python3.9/site-packages/rest_framework/views.py", line 480, in raise_uncaught_exception
    raise exc
  File "/Users/steven/Desktop/tmp/python_pg/ecs_mapping_webapp/.venv/lib/python3.9/site-packages/rest_framework/views.py", line 506, in dispatch
    response = handler(request, *args, **kwargs)
  File "/Users/steven/Desktop/tmp/python_pg/ecs_mapping_webapp/.venv/lib/python3.9/site-packages/rest_framework_simplejwt/views.py", line 44, in post
    serializer.is_valid(raise_exception=True)
  File "/Users/steven/Desktop/tmp/python_pg/ecs_mapping_webapp/.venv/lib/python3.9/site-packages/rest_framework/serializers.py", line 223, in is_valid
    self._validated_data = self.run_validation(self.initial_data)
  File "/Users/steven/Desktop/tmp/python_pg/ecs_mapping_webapp/.venv/lib/python3.9/site-packages/rest_framework/serializers.py", line 445, in run_validation
    value = self.validate(value)
  File "/Users/steven/Desktop/tmp/python_pg/ecs_mapping_webapp/.venv/lib/python3.9/site-packages/rest_framework_simplejwt/serializers.py", line 141, in validate
    refresh.outstand()
  File "/Users/steven/Desktop/tmp/python_pg/ecs_mapping_webapp/.venv/lib/python3.9/site-packages/rest_framework_simplejwt/tokens.py", line 222, in outstand
    return OutstandingToken.objects.get_or_create(
AttributeError: type object 'OutstandingToken' has no attribute 'objects'
ERROR 2025-03-17 00:23:40,066 django.server 212 basehttp 9677 13994569728 "POST /api/token/refresh/ HTTP/1.1" 500 111851
INFO 2025-03-17 00:24:19,676 django.utils.autoreload 266 autoreload 9677 8738654272 /Users/steven/Desktop/tmp/python_pg/ecs_mapping_webapp/ecs_project/ecs_project/settings.py changed, reloading.
INFO 2025-03-17 00:24:20,404 django.utils.autoreload 668 autoreload 9776 8738654272 Watching for file changes with StatReloader
INFO 2025-03-17 00:25:35,033 django.utils.autoreload 266 autoreload 9776 8738654272 /Users/steven/Desktop/tmp/python_pg/ecs_mapping_webapp/ecs_project/ecs_project/settings.py changed, reloading.
INFO 2025-03-17 00:25:35,739 django.utils.autoreload 668 autoreload 9798 8738654272 Watching for file changes with StatReloader
INFO 2025-03-17 00:25:53,439 django.server 212 basehttp 9798 14341107712 "POST /api/token/ HTTP/1.1" 200 483
INFO 2025-03-17 00:26:04,618 django.server 212 basehttp 9798 14357934080 "POST /api/mappings/ecs/ HTTP/1.1" 200 96
WARNING 2025-03-17 00:28:41,522 django.request 241 log 9798 14341107712 Unauthorized: /api/mappings/ecs/
WARNING 2025-03-17 00:28:41,522 django.server 212 basehttp 9798 14341107712 "POST /api/mappings/ecs/ HTTP/1.1" 401 172
INFO 2025-03-17 00:28:41,529 django.server 212 basehttp 9798 14341107712 "POST /api/token/refresh/ HTTP/1.1" 200 241
INFO 2025-03-17 00:28:41,539 django.server 212 basehttp 9798 14341107712 "POST /api/mappings/ecs/ HTTP/1.1" 200 96
INFO 2025-03-17 00:29:35,903 django.utils.autoreload 266 autoreload 9798 8738654272 /Users/steven/Desktop/tmp/python_pg/ecs_mapping_webapp/ecs_project/ecs_project/settings.py changed, reloading.
INFO 2025-03-17 00:29:36,642 django.utils.autoreload 668 autoreload 9927 8738654272 Watching for file changes with StatReloader
